FE                                                                       [100%]
==================================== ERRORS ====================================
_ ERROR at teardown of test_j4_tirer_puis_valider_ecrit_les_rencontres_au_calendrier[chromium] _

console_errors = ["TypeError: Converting circular structure to JSON\n    --> starting at object with constructor 'Array'\n    --- index...:3210/static/js/htmx.min.js:1:23481\n    at HTMLButtonElement.s (http://localhost:3210/static/js/htmx.min.js:1:22459)"]

    @pytest.fixture(autouse=True)
    def _fail_on_console_errors(console_errors):
        yield
>       assert not console_errors, f"Erreurs JS détectées dans la console : {console_errors}"
E       AssertionError: Erreurs JS détectées dans la console : ["TypeError: Converting circular structure to JSON\n    --> starting at object with constructor 'Array'\n    --- index 2 closes the circle\n    at JSON.stringify (<anonymous>)\n    at Object.encodeParameters (http://localhost:3210/static/js/htmx-ext-json-enc.js:34:20)\n    at http://localhost:3210/static/js/htmx.min.js:1:35888\n    at http://localhost:3210/static/js/htmx.min.js:1:27182\n    at se (http://localhost:3210/static/js/htmx.min.js:1:5321)\n    at Ft (http://localhost:3210/static/js/htmx.min.js:1:27157)\n    at mn (http://localhost:3210/static/js/htmx.min.js:1:35855)\n    at de (http://localhost:3210/static/js/htmx.min.js:1:44808)\n    at http://localhost:3210/static/js/htmx.min.js:1:23481\n    at HTMLButtonElement.s (http://localhost:3210/static/js/htmx.min.js:1:22459)"]
E       assert not ["TypeError: Converting circular structure to JSON\n    --> starting at object with constructor 'Array'\n    --- index...:3210/static/js/htmx.min.js:1:23481\n    at HTMLButtonElement.s (http://localhost:3210/static/js/htmx.min.js:1:22459)"]

conftest.py:223: AssertionError
=================================== FAILURES ===================================
___ test_j4_tirer_puis_valider_ecrit_les_rencontres_au_calendrier[chromium] ____

page = <Page url='http://localhost:3210/app/01M2116VWQRGDGFT62EBBW33CY/competitions/01M25KFYN0P4Z797CPDXQ974D2/01M25KFYN4J8315WFCAR2792HV/admin/presences'>
space_id = '01M2116VWQRGDGFT62EBBW33CY'
competition = {'competition_id': '01M25KFYN0P4Z797CPDXQ974D2', 'season_id': '01M25KFYN4J8315WFCAR2792HV', 'name': 'Ligue E2E Lifecyc...KFZ1YJKK854VR2M6K2KF0', '01M25KFZ4W505KE1AGQZ2TQT1C', '01M25KFZ7JCKG9DCFH6KCR4MZ0', '01M25KFZA7D92A4T95GECY2J1X'], ...}

    def test_j4_tirer_puis_valider_ecrit_les_rencontres_au_calendrier(
        page: Page, space_id, competition
    ):
        """Le seul test qui prouve que `confirm_draw` fait ce qu'il dit.
    
        Quatre présents donnent deux rencontres, et elles doivent se retrouver dans les
        tables du Calendrier — donc leur projection avec.
        """
        round_id = competition["round_ids"][3]
        assert (
            _poster(
                space_id,
                competition,
                "launch",
                {"round_id": round_id, "deadline": LOINTAIN, "auto_remind": False},
            ).status_code
            == 200
        )
        _tous_presents(space_id, competition, round_id)
        assert _poster(space_id, competition, "close", {"round_id": round_id}).status_code == 200
    
        _ouvrir_la_journee(page, space_id, competition, round_id)
        cliquer_quand_cable(page, ".panel-footer .btn-primary-sm")
    
        # L'aperçu : deux rencontres, et **des noms**, jamais un identifiant.
        expect(page.locator(".panel-title")).to_contain_text("Tirage proposé", timeout=15000)
        expect(page.locator(".draw-row")).to_have_count(2)
        premier = page.locator(".draw-row .draw-home").first
        expect(premier).not_to_contain_text("01", use_inner_text=True)
    
        cliquer_quand_cable(page, ".panel-footer .btn-primary-sm")
    
>       attendre_que(
            lambda: len(_appariements_en_base(competition, round_id)) == 2,
            quoi="les deux rencontres écrites au calendrier",
        )

test_competition_presences.py:296: 
_ _ _ _ _ _ _ _ _ _ _ _ _ _ _ _ _ _ _ _ _ _ _ _ _ _ _ _ _ _ _ _ _ _ _ _ _ _ _ _ 

condition = <function test_j4_tirer_puis_valider_ecrit_les_rencontres_au_calendrier.<locals>.<lambda> at 0x10bd13f60>
timeout_s = 20.0, quoi = 'les deux rencontres écrites au calendrier'

    def attendre_que(condition, timeout_s: float = 20.0, quoi: str = "la condition"):
        """Rend la main dès que `condition()` est vraie, ou échoue en le disant.
    
        **Pourquoi c'est nécessaire.** Publier un rapport de match déclenche des app
        events traités dans une tâche séparée : la projection n'est pas à jour au
        retour de la requête. Lire `players_proj` dans la foulée mesure la vitesse
        de la machine, pas le comportement du produit — et le message d'échec accuse
        alors le produit pour un défaut de test.
    
        **Pourquoi pas un `sleep`.** Une durée fixe n'a aucune marge sur une machine
        chargée, et c'est précisément là que la course s'ouvre : le même test passe
        en 6 minutes de suite et tombe en 8. Elle coûterait en plus son délai à
        chaque appel, y compris quand tout est déjà prêt. La boucle ci-dessous rend
        la main dès que c'est vrai.
    
        **Ce qu'elle ne remplace pas.** Pour une assertion *négative* — « rien ne
        doit arriver » — attendre ne prouve rien : la condition serait vraie aussi
        si le pipeline ne tournait jamais. Il faut d'abord attendre un marqueur de
        progression, puis vérifier l'absence.
        """
        import time
    
        limite = time.time() + timeout_s
        while time.time() < limite:
            if condition():
                return
            time.sleep(0.2)
>       raise AssertionError(
            f"{quoi} n'est toujours pas vraie après {timeout_s:g} s — "
            "le bus d'app events n'a rien projeté, ou la chaîne est cassée"
        )
E       AssertionError: les deux rencontres écrites au calendrier n'est toujours pas vraie après 20 s — le bus d'app events n'a rien projeté, ou la chaîne est cassée

db_helpers.py:89: AssertionError
=========================== short test summary info ============================
FAILED test_competition_presences.py::test_j4_tirer_puis_valider_ecrit_les_rencontres_au_calendrier[chromium]
ERROR test_competition_presences.py::test_j4_tirer_puis_valider_ecrit_les_rencontres_au_calendrier[chromium]
1 failed, 1 error in 24.60s
