....FEFFFE                                                               [100%]
==================================== ERRORS ====================================
_ ERROR at teardown of test_j4_tirer_puis_valider_ecrit_les_rencontres_au_calendrier[chromium] _

console_errors = ["TypeError: Converting circular structure to JSON\n    --> starting at object with constructor 'Array'\n    --- index...:3210/static/js/htmx.min.js:1:23481\n    at HTMLButtonElement.s (http://localhost:3210/static/js/htmx.min.js:1:22459)"]

    @pytest.fixture(autouse=True)
    def _fail_on_console_errors(console_errors):
        yield
>       assert not console_errors, f"Erreurs JS détectées dans la console : {console_errors}"
E       AssertionError: Erreurs JS détectées dans la console : ["TypeError: Converting circular structure to JSON\n    --> starting at object with constructor 'Array'\n    --- index 2 closes the circle\n    at JSON.stringify (<anonymous>)\n    at Object.encodeParameters (http://localhost:3210/static/js/htmx-ext-json-enc.js:34:20)\n    at http://localhost:3210/static/js/htmx.min.js:1:35888\n    at http://localhost:3210/static/js/htmx.min.js:1:27182\n    at se (http://localhost:3210/static/js/htmx.min.js:1:5321)\n    at Ft (http://localhost:3210/static/js/htmx.min.js:1:27157)\n    at mn (http://localhost:3210/static/js/htmx.min.js:1:35855)\n    at de (http://localhost:3210/static/js/htmx.min.js:1:44808)\n    at http://localhost:3210/static/js/htmx.min.js:1:23481\n    at HTMLButtonElement.s (http://localhost:3210/static/js/htmx.min.js:1:22459)"]
E       assert not ["TypeError: Converting circular structure to JSON\n    --> starting at object with constructor 'Array'\n    --- index...:3210/static/js/htmx.min.js:1:23481\n    at HTMLButtonElement.s (http://localhost:3210/static/js/htmx.min.js:1:22459)"]

conftest.py:223: AssertionError
_ ERROR at teardown of test_j5_vider_la_journee_au_calendrier_ramene_l_onglet_a_clos[chromium] _

console_errors = ["TypeError: Converting circular structure to JSON\n    --> starting at object with constructor 'Array'\n    --- index...:3210/static/js/htmx.min.js:1:23481\n    at HTMLButtonElement.s (http://localhost:3210/static/js/htmx.min.js:1:22459)"]

    @pytest.fixture(autouse=True)
    def _fail_on_console_errors(console_errors):
        yield
>       assert not console_errors, f"Erreurs JS détectées dans la console : {console_errors}"
E       AssertionError: Erreurs JS détectées dans la console : ["TypeError: Converting circular structure to JSON\n    --> starting at object with constructor 'Array'\n    --- index 2 closes the circle\n    at JSON.stringify (<anonymous>)\n    at Object.encodeParameters (http://localhost:3210/static/js/htmx-ext-json-enc.js:34:20)\n    at http://localhost:3210/static/js/htmx.min.js:1:35888\n    at http://localhost:3210/static/js/htmx.min.js:1:27182\n    at se (http://localhost:3210/static/js/htmx.min.js:1:5321)\n    at Ft (http://localhost:3210/static/js/htmx.min.js:1:27157)\n    at mn (http://localhost:3210/static/js/htmx.min.js:1:35855)\n    at de (http://localhost:3210/static/js/htmx.min.js:1:44808)\n    at http://localhost:3210/static/js/htmx.min.js:1:23481\n    at HTMLButtonElement.s (http://localhost:3210/static/js/htmx.min.js:1:22459)"]
E       assert not ["TypeError: Converting circular structure to JSON\n    --> starting at object with constructor 'Array'\n    --- index...:3210/static/js/htmx.min.js:1:23481\n    at HTMLButtonElement.s (http://localhost:3210/static/js/htmx.min.js:1:22459)"]

conftest.py:223: AssertionError
=================================== FAILURES ===================================
___ test_j4_tirer_puis_valider_ecrit_les_rencontres_au_calendrier[chromium] ____

page = <Page url='http://localhost:3210/app/01M2116VWQRGDGFT62EBBW33CY/competitions/01M25KMCC4WJ29W4GDB4A3SFYJ/01M25KMCC8E39S0A1RG36VJFC4/admin/presences'>
space_id = '01M2116VWQRGDGFT62EBBW33CY'
competition = {'competition_id': '01M25KMCC4WJ29W4GDB4A3SFYJ', 'season_id': '01M25KMCC8E39S0A1RG36VJFC4', 'name': 'Ligue E2E Lifecyc...KMCW8DEZJSKW0SC2VGQHX', '01M25KMCZD251R39D4AZ2CTWXA', '01M25KMD1SP9X9R9P3W9AWPKBJ', '01M25KMD4AV09B5CN57J925DGY'], ...}

    def test_j4_tirer_puis_valider_ecrit_les_rencontres_au_calendrier(
        page: Page, space_id, competition
    ):
        """Le seul test qui prouve que `confirm_draw` fait ce qu'il dit.
    
        Quatre présents donnent deux rencontres, et elles doivent se retrouver dans les
        tables du Calendrier — donc leur projection avec.
        """
        round_id = competition["round_ids"][3]
        assert (
            _poster(
                space_id,
                competition,
                "launch",
                {"round_id": round_id, "deadline": LOINTAIN, "auto_remind": False},
            ).status_code
            == 200
        )
        _tous_presents(space_id, competition, round_id)
        assert _poster(space_id, competition, "close", {"round_id": round_id}).status_code == 200
    
        _ouvrir_la_journee(page, space_id, competition, round_id)
        cliquer_quand_cable(page, ".panel-footer .btn-primary-sm")
    
        # L'aperçu : deux rencontres, et **des noms**, jamais un identifiant.
        expect(page.locator(".panel-title")).to_contain_text("Tirage proposé", timeout=15000)
        expect(page.locator(".draw-row")).to_have_count(2)
        premier = page.locator(".draw-row .draw-home").first
        expect(premier).not_to_contain_text("01", use_inner_text=True)
    
        cliquer_quand_cable(page, ".panel-footer .btn-primary-sm")
    
>       attendre_que(
            lambda: len(_appariements_en_base(competition, round_id)) == 2,
            quoi="les deux rencontres écrites au calendrier",
        )

test_competition_presences.py:296: 
_ _ _ _ _ _ _ _ _ _ _ _ _ _ _ _ _ _ _ _ _ _ _ _ _ _ _ _ _ _ _ _ _ _ _ _ _ _ _ _ 

condition = <function test_j4_tirer_puis_valider_ecrit_les_rencontres_au_calendrier.<locals>.<lambda> at 0x10774b2e0>
timeout_s = 20.0, quoi = 'les deux rencontres écrites au calendrier'

    def attendre_que(condition, timeout_s: float = 20.0, quoi: str = "la condition"):
        """Rend la main dès que `condition()` est vraie, ou échoue en le disant.
    
        **Pourquoi c'est nécessaire.** Publier un rapport de match déclenche des app
        events traités dans une tâche séparée : la projection n'est pas à jour au
        retour de la requête. Lire `players_proj` dans la foulée mesure la vitesse
        de la machine, pas le comportement du produit — et le message d'échec accuse
        alors le produit pour un défaut de test.
    
        **Pourquoi pas un `sleep`.** Une durée fixe n'a aucune marge sur une machine
        chargée, et c'est précisément là que la course s'ouvre : le même test passe
        en 6 minutes de suite et tombe en 8. Elle coûterait en plus son délai à
        chaque appel, y compris quand tout est déjà prêt. La boucle ci-dessous rend
        la main dès que c'est vrai.
    
        **Ce qu'elle ne remplace pas.** Pour une assertion *négative* — « rien ne
        doit arriver » — attendre ne prouve rien : la condition serait vraie aussi
        si le pipeline ne tournait jamais. Il faut d'abord attendre un marqueur de
        progression, puis vérifier l'absence.
        """
        import time
    
        limite = time.time() + timeout_s
        while time.time() < limite:
            if condition():
                return
            time.sleep(0.2)
>       raise AssertionError(
            f"{quoi} n'est toujours pas vraie après {timeout_s:g} s — "
            "le bus d'app events n'a rien projeté, ou la chaîne est cassée"
        )
E       AssertionError: les deux rencontres écrites au calendrier n'est toujours pas vraie après 20 s — le bus d'app events n'a rien projeté, ou la chaîne est cassée

db_helpers.py:89: AssertionError
______ test_j4_une_defection_apres_le_tirage_propose_sans_agir[chromium] _______

page = <Page url='about:blank'>, space_id = '01M2116VWQRGDGFT62EBBW33CY'
competition = {'competition_id': '01M25KMCC4WJ29W4GDB4A3SFYJ', 'season_id': '01M25KMCC8E39S0A1RG36VJFC4', 'name': 'Ligue E2E Lifecyc...KMCW8DEZJSKW0SC2VGQHX', '01M25KMCZD251R39D4AZ2CTWXA', '01M25KMD1SP9X9R9P3W9AWPKBJ', '01M25KMD4AV09B5CN57J925DGY'], ...}

    def test_j4_une_defection_apres_le_tirage_propose_sans_agir(
        page: Page, space_id, competition
    ):
        """R12 — le panneau de défection **propose**, il n'agit pas.
    
        Et les autres rencontres ne bougent pas : leurs coachs ont déjà noté leur
        adversaire, et refaire le tirage entier ferait trois mécontents pour en soulager
        un.
    
        Dépend du scénario précédent, qui a apparié J4.
        """
        round_id = competition["round_ids"][3]
        avant = set(_appariements_en_base(competition, round_id))
>       assert len(avant) == 2, "le scénario précédent doit avoir apparié la journée"
E       AssertionError: le scénario précédent doit avoir apparié la journée
E       assert 0 == 2
E        +  where 0 = len(set())

test_competition_presences.py:316: AssertionError
_ test_j4_valider_la_reparation_ne_touche_que_la_rencontre_concernee[chromium] _

page = <Page url='http://localhost:3210/app/01M2116VWQRGDGFT62EBBW33CY/competitions/01M25KMCC4WJ29W4GDB4A3SFYJ/01M25KMCC8E39S0A1RG36VJFC4/admin/presences'>
space_id = '01M2116VWQRGDGFT62EBBW33CY'
competition = {'competition_id': '01M25KMCC4WJ29W4GDB4A3SFYJ', 'season_id': '01M25KMCC8E39S0A1RG36VJFC4', 'name': 'Ligue E2E Lifecyc...KMCW8DEZJSKW0SC2VGQHX', '01M25KMCZD251R39D4AZ2CTWXA', '01M25KMD1SP9X9R9P3W9AWPKBJ', '01M25KMD4AV09B5CN57J925DGY'], ...}

    def test_j4_valider_la_reparation_ne_touche_que_la_rencontre_concernee(
        page: Page, space_id, competition
    ):
        """La rencontre touchée change, **les autres ne bougent pas**.
    
        Dépend des deux scénarios précédents.
        """
        round_id = competition["round_ids"][3]
        avant = set(_appariements_en_base(competition, round_id))
    
        _ouvrir_la_journee(page, space_id, competition, round_id)
>       expect(page.locator(".panel-title")).to_contain_text("ne tient plus", timeout=15000)
E       AssertionError: Locator expected to contain text 'ne tient plus'
E       Actual value: 
E             Sondage clos
E            
E       Call log:
E         - Expect "to_contain_text" with timeout 15000ms
E         - waiting for locator(".panel-title")
E           5 × locator resolved to <div class="panel-title">↵      Sondage clos↵    </div>
E             - unexpected value "
E             Sondage clos
E           "

test_competition_presences.py:358: AssertionError
___ test_j5_vider_la_journee_au_calendrier_ramene_l_onglet_a_clos[chromium] ____

page = <Page url='http://localhost:3210/app/01M2116VWQRGDGFT62EBBW33CY/competitions/01M25KMCC4WJ29W4GDB4A3SFYJ/01M25KMCC8E39S0A1RG36VJFC4/admin/presences'>
space_id = '01M2116VWQRGDGFT62EBBW33CY'
competition = {'competition_id': '01M25KMCC4WJ29W4GDB4A3SFYJ', 'season_id': '01M25KMCC8E39S0A1RG36VJFC4', 'name': 'Ligue E2E Lifecyc...KMCW8DEZJSKW0SC2VGQHX', '01M25KMCZD251R39D4AZ2CTWXA', '01M25KMD1SP9X9R9P3W9AWPKBJ', '01M25KMD4AV09B5CN57J925DGY'], ...}

    def test_j5_vider_la_journee_au_calendrier_ramene_l_onglet_a_clos(
        page: Page, space_id, competition
    ):
        """R24 — l'appariement se lit **sur la journée**, jamais sur la campagne.
    
        C'est ce que la règle promet, et rien d'autre ne le vérifie : vider la journée
        depuis le Calendrier doit ramener l'onglet Présences à « clos », sans qu'aucune
        réconciliation n'ait à tourner. Avec la forme précédente — la campagne se
        souvenant de ses rencontres — l'onglet aurait continué à dire « appariée ».
        """
        round_id = competition["round_ids"][4]
        assert (
            _poster(
                space_id,
                competition,
                "launch",
                {"round_id": round_id, "deadline": LOINTAIN, "auto_remind": False},
            ).status_code
            == 200
        )
        _tous_presents(space_id, competition, round_id)
        assert _poster(space_id, competition, "close", {"round_id": round_id}).status_code == 200
    
        _ouvrir_la_journee(page, space_id, competition, round_id)
        cliquer_quand_cable(page, ".panel-footer .btn-primary-sm")
        expect(page.locator(".panel-title")).to_contain_text("Tirage proposé", timeout=15000)
        cliquer_quand_cable(page, ".panel-footer .btn-primary-sm")
>       attendre_que(
            lambda: len(_appariements_en_base(competition, round_id)) == 2,
            quoi="la journée appariée",
        )

test_competition_presences.py:405: 
_ _ _ _ _ _ _ _ _ _ _ _ _ _ _ _ _ _ _ _ _ _ _ _ _ _ _ _ _ _ _ _ _ _ _ _ _ _ _ _ 

condition = <function test_j5_vider_la_journee_au_calendrier_ramene_l_onglet_a_clos.<locals>.<lambda> at 0x10784e7a0>
timeout_s = 20.0, quoi = 'la journée appariée'

    def attendre_que(condition, timeout_s: float = 20.0, quoi: str = "la condition"):
        """Rend la main dès que `condition()` est vraie, ou échoue en le disant.
    
        **Pourquoi c'est nécessaire.** Publier un rapport de match déclenche des app
        events traités dans une tâche séparée : la projection n'est pas à jour au
        retour de la requête. Lire `players_proj` dans la foulée mesure la vitesse
        de la machine, pas le comportement du produit — et le message d'échec accuse
        alors le produit pour un défaut de test.
    
        **Pourquoi pas un `sleep`.** Une durée fixe n'a aucune marge sur une machine
        chargée, et c'est précisément là que la course s'ouvre : le même test passe
        en 6 minutes de suite et tombe en 8. Elle coûterait en plus son délai à
        chaque appel, y compris quand tout est déjà prêt. La boucle ci-dessous rend
        la main dès que c'est vrai.
    
        **Ce qu'elle ne remplace pas.** Pour une assertion *négative* — « rien ne
        doit arriver » — attendre ne prouve rien : la condition serait vraie aussi
        si le pipeline ne tournait jamais. Il faut d'abord attendre un marqueur de
        progression, puis vérifier l'absence.
        """
        import time
    
        limite = time.time() + timeout_s
        while time.time() < limite:
            if condition():
                return
            time.sleep(0.2)
>       raise AssertionError(
            f"{quoi} n'est toujours pas vraie après {timeout_s:g} s — "
            "le bus d'app events n'a rien projeté, ou la chaîne est cassée"
        )
E       AssertionError: la journée appariée n'est toujours pas vraie après 20 s — le bus d'app events n'a rien projeté, ou la chaîne est cassée

db_helpers.py:89: AssertionError
=========================== short test summary info ============================
FAILED test_competition_presences.py::test_j4_tirer_puis_valider_ecrit_les_rencontres_au_calendrier[chromium]
FAILED test_competition_presences.py::test_j4_une_defection_apres_le_tirage_propose_sans_agir[chromium]
FAILED test_competition_presences.py::test_j4_valider_la_reparation_ne_touche_que_la_rencontre_concernee[chromium]
FAILED test_competition_presences.py::test_j5_vider_la_journee_au_calendrier_ramene_l_onglet_a_clos[chromium]
ERROR test_competition_presences.py::test_j4_tirer_puis_valider_ecrit_les_rencontres_au_calendrier[chromium]
ERROR test_competition_presences.py::test_j5_vider_la_journee_au_calendrier_ramene_l_onglet_a_clos[chromium]
4 failed, 4 passed, 2 errors in 47.44s
