============================= test session starts ==============================
platform darwin -- Python 3.12.13, pytest-9.1.0, pluggy-1.6.0 -- /Users/bagouze/Repositories/01-code_projects/kreek/tests/e2e/.venv/bin/python
cachedir: .pytest_cache
rootdir: /Users/bagouze/Repositories/01-code_projects/kreek/tests/e2e
configfile: pyproject.toml
plugins: base-url-2.1.0, playwright-0.8.0
collecting ... collected 383 items

test_accueil_derniers_resultats.py::test_widget_affiche_les_resultats_de_plusieurs_competitions[chromium] PASSED [  0%]
test_annuler_un_rapport.py::test_annuler_un_rapport_programme_remet_la_rencontre_a_venir[chromium] PASSED [  0%]
test_annuler_un_rapport.py::test_annuler_un_rapport_manuel_efface_sa_ligne[chromium] PASSED [  0%]
test_auth_coach_name_casse.py::test_connexion_avec_le_nom_de_coach_dans_une_autre_casse[chromium] PASSED [  1%]
test_auth_coach_name_casse.py::test_mot_de_passe_errone_reste_refuse[chromium] PASSED [  1%]
test_auth_coach_name_casse.py::test_mot_de_passe_oublie_retrouve_le_compte_dans_une_autre_casse[chromium] PASSED [  1%]
test_auth_coach_name_casse.py::test_inscription_refuse_un_nom_deja_pris_dans_une_autre_casse[chromium] PASSED [  1%]
test_build_and_finalize_team.py::test_build_and_finalize_with_spp[chromium] PASSED [  2%]
test_coach_selector.py::test_widget_loads_search_results[chromium] PASSED [  2%]
test_coach_selector.py::test_select_coach_adds_badge_and_hidden_input[chromium] PASSED [  2%]
test_coach_selector.py::test_selected_coach_excluded_from_results[chromium] PASSED [  2%]
test_coach_selector.py::test_multi_select_then_remove_restores_count[chromium] PASSED [  3%]
test_coach_selector.py::test_admin_ids_are_sent_to_server_on_submit[chromium] PASSED [  3%]
test_competition_admin_acces.py::test_les_treize_routes_refusent_un_membre_simple[chromium] PASSED [  3%]
test_competition_admin_acces.py::test_un_administrateur_n_est_pas_refuse[chromium] PASSED [  3%]
test_competition_admin_acces.py::test_une_journee_d_une_autre_saison_est_hors_de_portee[chromium] PASSED [  4%]
test_competition_admin_acces.py::test_un_appariement_d_une_autre_saison_est_hors_de_portee[chromium] PASSED [  4%]
test_competition_admin_acces.py::test_un_groupe_d_une_autre_saison_est_hors_de_portee[chromium] PASSED [  4%]
test_competition_admin_acces.py::test_la_saison_doit_appartenir_a_la_competition_du_chemin[chromium] PASSED [  4%]
test_competition_admin_enrollments.py::test_ouvrir_l_administration_mene_au_resume[chromium] PASSED [  5%]
test_competition_admin_enrollments.py::test_l_onglet_parametres_s_ouvre_sur_ses_conteneurs[chromium] PASSED [  5%]
test_competition_admin_enrollments.py::test_renommer_une_competition_depuis_les_parametres[chromium] PASSED [  5%]
test_competition_admin_enrollments.py::test_un_nom_deja_pris_s_affiche_sous_le_champ[chromium] PASSED [  6%]
test_competition_admin_enrollments.py::test_l_onglet_parametres_est_garde[chromium] PASSED [  6%]
test_competition_admin_enrollments.py::test_les_onglets_retires_ne_repondent_plus[chromium] PASSED [  6%]
test_competition_admin_enrollments.py::test_enrollments_tab_loads[chromium] PASSED [  6%]
test_competition_admin_enrollments.py::test_enrollments_shows_empty_states[chromium] PASSED [  7%]
test_competition_admin_settings.py::test_un_membre_simple_est_refuse_en_lecture[chromium-] PASSED [  7%]
test_competition_admin_settings.py::test_un_membre_simple_est_refuse_en_ecriture[chromium-general] PASSED [  7%]
test_competition_admin_settings.py::test_les_onze_routes_sont_bien_onze[chromium] PASSED [  7%]
test_competition_admin_settings.py::test_un_admin_de_competition_qui_n_est_pas_admin_d_espace_ouvre_les_panneaux[chromium] PASSED [  8%]
test_competition_admin_settings.py::test_un_admin_d_espace_qui_n_est_pas_membre_de_la_competition_ouvre_les_panneaux[chromium] PASSED [  8%]
test_competition_admin_settings.py::test_l_onglet_remplit_ses_cinq_panneaux[chromium] PASSED [  8%]
test_competition_admin_settings.py::test_aucun_panneau_ne_fait_regresser_la_saison[chromium-general] PASSED [  8%]
test_competition_admin_settings.py::test_les_boutons_d_enregistrement_ne_remplissent_pas_leur_panneau[chromium] PASSED [  9%]
test_competition_full_lifecycle.py::test_full_competition_lifecycle_produces_enrolled_teams_and_schedule[chromium] PASSED [  9%]
test_competition_matchs.py::test_s1_classement_actif_par_defaut[chromium] PASSED [  9%]
test_competition_matchs.py::test_s2_switch_vers_resultats_desactive_classement[chromium] PASSED [  9%]
test_competition_matchs.py::test_r1_clic_resultats_charge_fragment[chromium] PASSED [ 10%]
test_competition_matchs.py::test_r8_navigation_directe_url_resultats[chromium] PASSED [ 10%]
test_competition_matchs.py::test_c1_clic_calendrier_charge_fragment[chromium] PASSED [ 10%]
test_competition_matchs.py::test_c6_navigation_directe_url_calendrier[chromium] PASSED [ 10%]
test_competition_matchs.py::test_r1_etat_vide_resultats_sans_matchs[chromium] PASSED [ 11%]
test_competition_matchs.py::test_c1_etat_vide_calendrier_sans_matchs[chromium] PASSED [ 11%]
test_competition_matchs.py::test_c7_clic_ligne_calendrier_ouvre_la_saisie_du_rapport[chromium] PASSED [ 11%]
test_competition_rules_bonus.py::test_bonus_inputs_round_trip[chromium] PASSED [ 12%]
test_competition_rules_tiebreakers.py::test_catalogue_lists_the_seven_criteria_without_red_cards[chromium] PASSED [ 12%]
test_competition_rules_tiebreakers.py::test_unchecking_renumbers_only_active_criteria[chromium] PASSED [ 12%]
test_competition_rules_tiebreakers.py::test_submit_is_blocked_when_no_criterion_is_active[chromium] PASSED [ 12%]
test_competition_rules_tiebreakers.py::test_order_and_activation_round_trip[chromium] PASSED [ 13%]
test_competition_settings_pools.py::test_retirer_une_poule_desaffecte_ses_equipes[chromium] PASSED [ 13%]
test_competition_settings_pools.py::test_le_calendrier_survit_a_l_enregistrement[chromium] PASSED [ 13%]
test_competition_settings_pools.py::test_retirer_toutes_les_poules_est_autorise[chromium] PASSED [ 13%]
test_competition_settings_pools.py::test_une_poule_neuve_recoit_son_identifiant_du_serveur[chromium] PASSED [ 14%]
test_competition_settings_pools.py::test_un_ecart_de_longueur_est_refuse[chromium] PASSED [ 14%]
test_competition_settings_pools.py::test_le_panneau_est_garde[chromium] PASSED [ 14%]
test_competition_settings_ranking.py::test_changer_le_bareme_recalcule_le_classement_publie[chromium] PASSED [ 14%]
test_competition_settings_ranking.py::test_le_bareme_enregistre_survit_au_rechargement[chromium] PASSED [ 15%]
test_competition_settings_ranking.py::test_les_tiers_survivent_a_un_changement_de_bareme[chromium] PASSED [ 15%]
test_competition_settings_ranking.py::test_un_bareme_hors_bornes_est_refuse_par_la_deserialisation[chromium] PASSED [ 15%]
test_competition_settings_ranking.py::test_le_panneau_est_garde[chromium] PASSED [ 15%]
test_competition_settings_tiers.py::test_retirer_un_coup_de_pouce_l_enregistre[chromium] PASSED [ 16%]
test_competition_settings_tiers.py::test_enregistrer_sans_rien_toucher_ne_vide_pas_les_coups_de_pouce[chromium] PASSED [ 16%]
test_competition_settings_tiers.py::test_les_champs_figes_sont_refuses_par_le_domaine[chromium] PASSED [ 16%]
test_competition_settings_tiers.py::test_le_panneau_est_garde[chromium] PASSED [ 16%]
test_competition_settings_visibility.py::test_ouvrir_la_competition_conserve_les_coachs_invites[chromium] PASSED [ 17%]
test_competition_settings_visibility.py::test_l_echeance_et_le_plafond_traversent_l_enregistrement[chromium] PASSED [ 17%]
test_competition_settings_visibility.py::test_la_saison_reste_prete_apres_un_changement_de_visibilite[chromium] PASSED [ 17%]
test_competition_settings_visibility.py::test_les_reglages_de_notification_ne_sont_pas_touches[chromium] PASSED [ 18%]
test_competition_settings_visibility.py::test_une_valeur_inconnue_est_refusee_sans_rien_ecrire[chromium-access_mode-publique] PASSED [ 18%]
test_competition_settings_visibility.py::test_le_compteur_d_invites_est_affiche[chromium] PASSED [ 18%]
test_competition_settings_visibility.py::test_le_panneau_est_garde[chromium] PASSED [ 18%]
test_competition_structure_step.py::test_l_etape_3_n_a_plus_de_section_phase_finale[chromium] PASSED [ 19%]
test_competition_structure_step.py::test_la_structure_ecrite_ne_porte_plus_la_phase_finale[chromium] PASSED [ 19%]
test_competition_two_tiers.py::test_two_tiers_with_spp_reaches_phase_3[chromium] PASSED [ 19%]
test_dead_player_leaves_the_squad.py::test_un_mort_quitte_la_fiche_et_rend_sa_place[chromium] PASSED [ 19%]
test_detailed_standings.py::test_the_decisive_criterion_is_highlighted[chromium] PASSED [ 20%]
test_detailed_standings.py::test_a_full_tie_highlights_nothing_and_shares_a_rank[chromium] PASSED [ 20%]
test_detailed_standings.py::test_only_activated_criteria_get_a_column[chromium] PASSED [ 20%]
test_dismissals_phase.py::test_01_banniere_ouvre_l_effectif[chromium] PASSED [ 20%]
test_dismissals_phase.py::test_02_marquer_barre_la_ligne_et_remplit_le_panier[chromium] PASSED [ 21%]
test_dismissals_phase.py::test_03_les_deux_chemins_d_annulation_fonctionnent[chromium] PASSED [ 21%]
test_dismissals_phase.py::test_10_le_panier_survit_a_la_navigation[chromium] PASSED [ 21%]
test_dismissals_phase.py::test_11_panier_repliable_et_avertissement_court_en_mobile[chromium] PASSED [ 21%]
test_dismissals_phase.py::test_04_au_plancher_tous_les_disponibles_se_bloquent_ensemble[chromium] PASSED [ 22%]
test_dismissals_phase.py::test_05_l_absent_reste_renvoyable_sous_le_plancher[chromium] PASSED [ 22%]
test_dismissals_phase.py::test_06_valider_retire_les_joueurs_sans_toucher_la_tresorerie[chromium] PASSED [ 22%]
test_dismissals_phase.py::test_07_le_grand_livre_ne_gagne_aucune_ligne[chromium] PASSED [ 22%]
test_dismissals_phase.py::test_08_la_valeur_d_equipe_exclut_les_renvoyes[chromium] PASSED [ 23%]
test_dismissals_phase.py::test_09_le_maillot_libere_est_reattribue_a_la_sequence_suivante[chromium] PASSED [ 23%]
test_draft_team_errors.py::test_submit_without_competition_shows_error[chromium] PASSED [ 23%]
test_draft_team_errors.py::test_submit_without_coach_shows_error[chromium] PASSED [ 24%]
test_draft_team_errors.py::test_error_has_correct_style[chromium] PASSED [ 24%]
test_erreurs_couteuses.py::test_1_sous_le_seuil_l_equipe_est_prete_a_jouer_sans_ecran[chromium] PASSED [ 24%]
test_erreurs_couteuses.py::test_2_au_dessus_du_seuil_le_bandeau_propose_le_jet[chromium] PASSED [ 24%]
test_erreurs_couteuses.py::test_3_le_jet_affiche_son_resultat_et_la_tresorerie_suit[chromium] PASSED [ 25%]
test_erreurs_couteuses.py::test_4_un_second_jet_est_refuse_et_ne_reprend_rien[chromium] PASSED [ 25%]
test_erreurs_couteuses.py::test_5_un_coach_tiers_ne_peut_pas_jeter_le_de[chromium] PASSED [ 25%]
test_erreurs_couteuses.py::test_6_la_page_hors_phase_est_refusee[chromium] PASSED [ 25%]
test_erreurs_couteuses.py::test_7_une_equipe_inconnue_ne_donne_pas_d_ecran[chromium] PASSED [ 26%]
test_full_competition_creation_flow.py::test_full_creation_flow_reaches_phase_3[chromium] PASSED [ 26%]
test_haine_journalier.py::test_la_haine_d_un_journalier_atteint_son_joueur[chromium] PASSED [ 26%]
test_haine_journalier.py::test_la_haine_d_un_joueur_permanent_atteint_l_effectif[chromium] PASSED [ 26%]
test_inducement_treasury.py::test_01_le_topdog_paie_l_integralite_de_ses_achats[chromium] PASSED [ 27%]
test_inducement_treasury.py::test_02_l_underdog_ne_paie_que_le_depassement[chromium] PASSED [ 27%]
test_inducement_treasury.py::test_03_depublier_rembourse_les_coups_de_pouce[chromium] PASSED [ 27%]
test_journal_identifiant_requete.py::test_la_reponse_porte_un_identifiant_de_requete[chromium] PASSED [ 27%]
test_journal_identifiant_requete.py::test_deux_requetes_portent_deux_identifiants_distincts[chromium] PASSED [ 28%]
test_journal_identifiant_requete.py::test_un_identifiant_entrant_n_est_jamais_repris[chromium] PASSED [ 28%]
test_journal_identifiant_requete.py::test_les_fichiers_statiques_restent_hors_du_journal[chromium] PASSED [ 28%]
test_journeyman_recruitment.py::test_un_journalier_apparait_apres_un_match[chromium] PASSED [ 28%]
test_journeyman_recruitment.py::test_le_journalier_ne_prend_pas_le_maillot_d_un_coequipier[chromium] PASSED [ 29%]
test_journeyman_recruitment.py::test_le_panneau_montre_le_journalier[chromium] PASSED [ 29%]
test_journeyman_recruitment.py::test_le_panneau_est_absent_sans_journalier[chromium] PASSED [ 29%]
test_journeyman_recruitment.py::test_le_prix_du_journalier_est_affiche[chromium] PASSED [ 30%]
test_journeyman_recruitment.py::test_le_journalier_recrute_reste_dans_l_effectif[chromium] PASSED [ 30%]
test_journeyman_recruitment.py::test_le_journalier_non_recrute_disparait[chromium] PASSED [ 30%]
test_journeyman_recruitment.py::test_le_journalier_marque_et_gagne_des_spp[chromium] PASSED [ 30%]
test_journeyman_recruitment.py::test_le_journalier_nait_avec_solitaire_et_un_nom[chromium] PASSED [ 31%]
test_journeyman_recruitment.py::test_solitaire_s_affiche_sur_la_ligne_du_journalier[chromium] PASSED [ 31%]
test_journeyman_recruitment.py::test_solitaire_porte_la_pastille_de_customisation[chromium] PASSED [ 31%]
test_journeyman_recruitment.py::test_le_journalier_n_apparait_qu_une_fois_a_la_saisie[chromium] PASSED [ 31%]
test_lineman_a_vil_prix.py::test_la_valeur_d_equipe_ignore_le_prix_des_linemen[chromium] PASSED [ 32%]
test_lineman_a_vil_prix.py::test_le_temoin_compte_bien_ses_joueurs[chromium] PASSED [ 32%]
test_lineman_a_vil_prix.py::test_la_tresorerie_n_est_pas_touchee_par_la_regle[chromium] PASSED [ 32%]
test_lineman_a_vil_prix.py::test_l_equipe_a_vil_prix_a_bien_des_linemen[chromium] PASSED [ 32%]
test_manual_ranking_points.py::test_attribuer_des_points_a_une_equipe[chromium] PASSED [ 33%]
test_manual_ranking_points.py::test_la_liste_se_recharge_apres_attribution[chromium] PASSED [ 33%]
test_manual_ranking_points.py::test_le_classement_affiche_les_points_manuels[chromium] PASSED [ 33%]
test_manual_ranking_points.py::test_le_total_affiche_est_celui_qui_ordonne[chromium] PASSED [ 33%]
test_manual_ranking_points.py::test_le_classement_est_reordonne_sans_rechargement_du_serveur[chromium] PASSED [ 34%]
test_manual_ranking_points.py::test_une_penalite_fait_descendre_l_equipe[chromium] PASSED [ 34%]
test_manual_ranking_points.py::test_supprimer_une_ligne_la_retire_du_classement[chromium] PASSED [ 34%]
test_manual_ranking_points.py::test_un_non_admin_voit_la_page_sans_les_actions[chromium] PASSED [ 34%]
test_manual_ranking_points.py::test_le_bouton_de_gestion_est_habille[chromium-classement] PASSED [ 35%]
test_manual_ranking_points.py::test_le_bouton_de_gestion_precede_le_classement[chromium-classement] PASSED [ 35%]
test_manual_ranking_points.py::test_la_rangee_d_attribution_partage_une_ligne_de_base[chromium] PASSED [ 35%]
test_manual_ranking_points.py::test_le_menu_du_selecteur_deborde_du_panneau[chromium] PASSED [ 36%]
test_manual_ranking_points.py::test_le_retour_au_classement_affiche_la_competition[chromium] PASSED [ 36%]
test_match_report_correction.py::test_correction_ramene_le_rapport_en_etat_corrigeable[chromium] PASSED [ 36%]
test_match_report_correction.py::test_bouton_desactive_quand_une_equipe_a_depense_ses_spp[chromium] PASSED [ 36%]
test_match_report_correction.py::test_bouton_desactive_quand_une_equipe_a_valide_sa_phase[chromium] PASSED [ 37%]
test_match_report_correction.py::test_les_quatre_compensations_s_appliquent_puis_se_rejouent[chromium] PASSED [ 37%]
test_match_report_correction.py::test_deux_corrections_successives_aboutissent[chromium] PASSED [ 37%]
test_match_report_correction.py::test_le_bandeau_survit_a_une_modification_d_action[chromium] PASSED [ 37%]
test_match_report_inducements.py::test_fan_factor_redirects_to_inducements_or_step3[chromium] PASSED [ 38%]
test_match_report_inducements.py::test_inducements_page_loads[chromium] PASSED [ 38%]
test_match_report_inducements.py::test_inducements_widget_loaded[chromium] PASSED [ 38%]
test_match_report_inducements.py::test_pass_button_visible[chromium] PASSED [ 38%]
test_match_report_inducements.py::test_topdog_pass_redirects_to_underdog[chromium] PASSED [ 39%]
test_match_report_inducements.py::test_underdog_pass_redirects_to_step3[chromium] PASSED [ 39%]
test_match_report_inducements.py::test_pass_discards_pending_selection[chromium] PASSED [ 39%]
test_match_report_inducements.py::test_cart_footer_visible[chromium] PASSED [ 39%]
test_match_report_recap.py::test_tc01_recap_loads_ready_to_publish[chromium] PASSED [ 40%]
test_match_report_recap.py::test_tc02_sortie_has_no_injury_label[chromium] PASSED [ 40%]
test_match_report_recap.py::test_tc02_bilan_sanitaire_only_lists_blesse[chromium] PASSED [ 40%]
test_match_report_recap.py::test_tc03_mvp_shown_in_sidebar_and_timeline[chromium] PASSED [ 40%]
test_match_report_recap.py::test_tc04_publish_button_updates_cta[chromium] PASSED [ 41%]
test_match_report_recap.py::test_tc05_republish_returns_conflict[chromium] PASSED [ 41%]
test_match_report_recap.py::test_tc06_draft_returns_404[chromium] PASSED [ 41%]
test_match_report_recap.py::test_tc06_pre_match_returns_404[chromium] PASSED [ 42%]
test_match_report_recap.py::test_tc06_cancelled_returns_410[chromium] SKIPPED [ 42%]
test_match_report_recap.py::test_tc07_graceful_degradation_missing_round_context[chromium] PASSED [ 42%]
test_match_report_recap.py::test_tc08_performances_card_absent_without_actions[chromium] PASSED [ 42%]
test_match_report_recap_spp.py::test_01_le_buteur_affiche_la_somme_de_ses_actions[chromium] PASSED [ 43%]
test_match_report_recap_spp.py::test_02_l_agresseur_n_a_pas_de_ligne[chromium] PASSED [ 43%]
test_match_report_recap_spp.py::test_03_le_mvp_adverse_suit_le_bareme_de_son_camp[chromium] PASSED [ 43%]
test_match_report_step2.py::test_step2_pre_match_page_loads[chromium] PASSED [ 43%]
test_match_report_step2.py::test_step2_submit_valid_fan_factor[chromium] PASSED [ 44%]
test_match_report_step2.py::test_step2_invalid_d3_blocked_by_html5[chromium] PASSED [ 44%]
test_match_report_step2.py::test_step2_draft_redirects_to_step1[chromium] SKIPPED [ 44%]
test_match_report_step2.py::test_step2_team_data_loaded[chromium] PASSED [ 44%]
test_match_report_step2.py::test_step2_reaffiche_les_jets_deja_enregistres[chromium] PASSED [ 45%]
test_match_report_step2.py::test_step2_formate_les_montants_sans_manger_les_dizaines[chromium] PASSED [ 45%]
test_match_report_step2_mercenaires.py::test_mercenaires_tab_visible_and_widget_loads[chromium] PASSED [ 45%]
test_match_report_step2_mercenaires.py::test_journeymen_excluded_from_grid[chromium] PASSED [ 45%]
test_match_report_step2_mercenaires.py::test_position_click_shows_hire_panel[chromium] PASSED [ 46%]
test_match_report_step2_mercenaires.py::test_recruit_base_adds_to_cart[chromium] PASSED [ 46%]
test_match_report_step2_mercenaires.py::test_max_3_mercenaires_frontend[chromium] PASSED [ 46%]
test_match_report_step2_mercenaires.py::test_remove_mercenaire_from_cart[chromium] PASSED [ 46%]
test_match_report_step2_mercenaires.py::test_full_position_card_disabled[chromium] SKIPPED [ 47%]
test_match_report_step2_mercenaires.py::test_submit_with_mercenaire_creates_temp_player[chromium] PASSED [ 47%]
test_match_report_step2_mercenaires.py::test_submit_without_mercenaires_regression[chromium] PASSED [ 47%]
test_match_report_step2_mercenaires.py::test_un_mercenaire_sur_un_poste_a_seize_exemplaires_survit[chromium] PASSED [ 48%]
test_match_report_step3_4_actions.py::test_s1_page_step3_loads[chromium] PASSED [ 48%]
test_match_report_step3_4_actions.py::test_s2_select_turn[chromium] PASSED [ 48%]
test_match_report_step3_4_actions.py::test_s3_select_player_shows_action_panel[chromium] PASSED [ 48%]
test_match_report_step3_4_actions.py::test_s4_record_touchdown[chromium] PASSED [ 49%]
test_match_report_step3_4_actions.py::test_s5_record_blesse_amoche[chromium] PASSED [ 49%]
test_match_report_step3_4_actions.py::test_s6_record_blesse_sequel_av[chromium] PASSED [ 49%]
test_match_report_step3_4_actions.py::test_s7_delete_action[chromium] PASSED [ 49%]
test_match_report_step3_4_actions.py::test_s8_multiple_actions_same_turn[chromium] PASSED [ 50%]
test_match_report_step3_4_actions.py::test_s9_temp_player_visible_after_inducements[chromium] SKIPPED [ 50%]
test_match_report_step3_4_actions.py::test_s10_journeymen_auto[chromium] SKIPPED [ 50%]
test_match_report_step3_4_actions.py::test_s11_step4_away_team[chromium] PASSED [ 50%]
test_match_report_step3_4_actions.py::test_h1_amoche_montre_la_section_et_non_enregistre_sans_haine[chromium] PASSED [ 51%]
test_match_report_step3_4_actions.py::test_h2_une_sequelle_avec_haine_apparait_au_journal[chromium] PASSED [ 51%]
test_match_report_step3_4_actions.py::test_h3_une_commotion_ne_montre_pas_la_section[chromium] PASSED [ 51%]
test_match_report_step3_4_actions.py::test_h4_oui_sans_mot_clef_masque_la_confirmation[chromium] PASSED [ 51%]
test_match_report_step3_4_actions.py::test_h5_le_filtre_ouvre_le_repli_de_lui_meme[chromium] PASSED [ 52%]
test_match_report_step3_4_actions.py::test_h6_le_mot_choisi_reste_visible_malgre_le_filtre[chromium] PASSED [ 52%]
test_match_report_step3_4_actions.py::test_h7_deux_fois_le_meme_mot_clef_est_accepte[chromium] PASSED [ 52%]
test_match_report_step5.py::test_s1_step5_page_loads[chromium] PASSED    [ 53%]
test_match_report_step5.py::test_s2_gain_suggestion_prefilled[chromium] PASSED [ 53%]
test_match_report_step5.py::test_s3_valid_submission_with_summary[chromium] PASSED [ 53%]
test_match_report_step5.py::test_s4_minimal_submission_without_summary[chromium] PASSED [ 53%]
test_match_report_step5.py::test_s5_resubmission_prefills_existing_values[chromium] PASSED [ 54%]
test_match_report_step5.py::test_s6_draft_redirects_to_edit[chromium] SKIPPED [ 54%]
test_mots_clefs_et_traits.py::test_le_tableau_d_equipe_affiche_les_mots_clefs[chromium] PASSED [ 54%]
test_mots_clefs_et_traits.py::test_la_fiche_joueur_affiche_les_mots_clefs[chromium] PASSED [ 54%]
test_my_teams_page.py::test_sections_show_correct_counts_and_labels[chromium] PASSED [ 55%]
test_my_teams_page.py::test_draft_continue_button_navigates_to_build[chromium] PASSED [ 55%]
test_my_teams_page.py::test_active_card_navigates_to_team_detail[chromium] PASSED [ 55%]
test_my_teams_page.py::test_archived_card_navigates_to_team_detail[chromium] PASSED [ 55%]
test_my_teams_page.py::test_empty_state_shows_no_section[chromium] PASSED [ 56%]
test_my_teams_page.py::test_freshly_submitted_team_does_not_appear_as_draft[chromium] PASSED [ 56%]
test_niveau_apres_customisation.py::test_le_tarif_est_le_meme_avec_ou_sans_competence_customisee[chromium] PASSED [ 56%]
test_niveau_apres_customisation.py::test_la_competence_offerte_est_bien_la_et_reste_gratuite[chromium] PASSED [ 56%]
test_niveau_apres_customisation.py::test_un_achat_reel_fait_monter_le_tarif[chromium] PASSED [ 57%]
test_noms_typographiques.py::test_le_nom_traverse_la_creation_sans_alteration[chromium] PASSED [ 57%]
test_noms_typographiques.py::test_le_selecteur_du_calendrier_rend_le_nom_intact[chromium] PASSED [ 57%]
test_noms_typographiques.py::test_le_nom_s_affiche_sur_la_fiche_d_equipe[chromium] PASSED [ 57%]
test_notification_cron.py::test_la_veille_d_une_journee_le_cron_previent_les_inscrits[chromium] PASSED [ 58%]
test_notification_cron.py::test_une_seconde_execution_le_meme_jour_n_envoie_pas_un_second_mail[chromium] PASSED [ 58%]
test_notification_cron.py::test_dry_run_ne_reserve_rien[chromium] PASSED [ 58%]
test_notification_ouverture.py::test_publier_une_competition_annonce_l_ouverture_aux_membres[chromium] PASSED [ 59%]
test_notification_ouverture.py::test_republier_n_annonce_pas_une_seconde_fois[chromium] PASSED [ 59%]
test_notification_settings.py::test_une_bascule_persiste_apres_rechargement[chromium] PASSED [ 59%]
test_notification_settings.py::test_sans_calendrier_les_lignes_de_journee_sont_grisees_avec_leur_motif[chromium] PASSED [ 59%]
test_notification_settings.py::test_avec_des_journees_a_date_fixe_seule_la_cloture_est_grisee[chromium] PASSED [ 60%]
test_notification_settings.py::test_apres_une_bascule_la_competition_reste_atteignable[chromium] PASSED [ 60%]
test_ouvrir_une_fiche_equipe.py::test_cliquer_une_equipe_depuis_mes_equipes_l_affiche[chromium] PASSED [ 60%]
test_ouvrir_une_fiche_equipe.py::test_le_retour_depuis_une_fiche_joueur_affiche_l_equipe[chromium] PASSED [ 60%]
test_ouvrir_une_fiche_equipe.py::test_les_onglets_continuent_de_fonctionner_apres_le_clic[chromium] PASSED [ 61%]
test_pairing_deletion.py::test_suppression_pairing_annule_le_rapport_et_libere_les_equipes[chromium] PASSED [ 61%]
test_pairing_deletion.py::test_un_rapport_publie_interdit_la_suppression_du_pairing[chromium] PASSED [ 61%]
test_pairing_deletion.py::test_vider_une_journee_conserve_les_rencontres_publiees[chromium] PASSED [ 61%]
test_phase2_pickers.py::test_default_tier_loads_all_three_pickers[chromium] PASSED [ 62%]
test_phase2_pickers.py::test_new_tier_has_all_items_selected_by_default[chromium] PASSED [ 62%]
test_phase2_pickers.py::test_tiers_have_independent_picker_state[chromium] PASSED [ 62%]
test_phase2_pickers.py::test_removing_a_chip_updates_tier_selection_count[chromium] PASSED [ 62%]
test_phase2_pickers.py::test_submit_error_banner_appears_near_form_actions[chromium] PASSED [ 63%]
test_phase4_invitations.py::test_phase4_loads_with_two_access_modes_and_widget[chromium] PASSED [ 63%]
test_phase4_invitations.py::test_invite_section_hidden_when_access_mode_is_open[chromium] PASSED [ 63%]
test_phase4_invitations.py::test_selecting_a_coach_updates_count_and_badge[chromium] PASSED [ 63%]
test_phase4_invitations.py::test_full_submission_reflects_access_mode_and_validation_in_recap[chromium] PASSED [ 64%]
test_phase4_notifications.py::test_une_saison_neuve_affiche_les_quatre_cases_cochees[chromium] PASSED [ 64%]
test_phase4_notifications.py::test_une_case_decochee_est_affichee_au_retour[chromium] PASSED [ 64%]
test_phase4_notifications.py::test_revalider_sans_toucher_aux_cases_ne_les_ecrase_pas[chromium] PASSED [ 65%]
test_phase4_notifications.py::test_valider_avant_l_arrivee_du_widget_ne_perd_pas_les_reglages[chromium] PASSED [ 65%]
test_phase4_notifications.py::test_effacer_la_date_limite_grise_la_ligne_sans_rechargement[chromium] PASSED [ 65%]
test_phase4_notifications.py::test_une_ligne_grisee_par_la_frappe_reste_cochee[chromium] PASSED [ 65%]
test_player_availability_after_injury.py::test_un_joueur_blesse_en_match_manque_le_match_suivant[chromium] PASSED [ 66%]
test_player_availability_after_injury.py::test_le_joueur_indisponible_est_barre_dans_la_liste[chromium] PASSED [ 66%]
test_player_availability_after_injury.py::test_les_autres_joueurs_ne_sont_pas_barres[chromium] PASSED [ 66%]
test_player_availability_after_injury.py::test_le_repere_se_reduit_a_son_icone_en_mobile[chromium] PASSED [ 66%]
test_player_customisation.py::test_un_membre_simple_ne_voit_pas_le_mode_et_ne_peut_pas_le_forcer[chromium] PASSED [ 67%]
test_player_customisation.py::test_un_commissaire_voit_le_bouton[chromium] PASSED [ 67%]
test_player_customisation.py::test_une_competence_customisee_est_appliquee_et_journalisee[chromium] PASSED [ 67%]
test_player_customisation.py::test_une_competence_a_apostrophe_traverse_toute_la_chaine[chromium] PASSED [ 67%]
test_player_customisation.py::test_ameliorer_l_agilite_fait_descendre_le_seuil_puis_bute_sur_la_borne[chromium] PASSED [ 68%]
test_player_customisation.py::test_une_competence_deja_possedee_est_refusee[chromium] PASSED [ 68%]
test_player_customisation.py::test_le_prix_deplace_la_valeur_d_equipe_mais_pas_la_competence[chromium] PASSED [ 68%]
test_player_customisation.py::test_annuler_vide_le_panier_et_ne_rouvre_pas_le_mode[chromium] PASSED [ 68%]
test_player_customisation.py::test_une_saisie_en_cours_est_retrouvee_apres_rechargement[chromium] PASSED [ 69%]
test_player_customisation.py::test_retirer_une_customisation_de_prix_defait_le_joueur_et_la_valeur_d_equipe[chromium] PASSED [ 69%]
test_player_customisation.py::test_un_membre_simple_ne_peut_pas_retirer_une_customisation[chromium] PASSED [ 69%]
test_player_customisation.py::test_un_prix_sous_zero_est_refuse[chromium] PASSED [ 69%]
test_player_customisation.py::test_un_panier_de_plus_de_vingt_quatre_heures_est_abandonne[chromium] PASSED [ 70%]
test_player_customisation.py::test_un_joueur_n_est_atteignable_que_depuis_son_espace[chromium] PASSED [ 70%]
test_player_customisation.py::test_l_onglet_actif_survit_a_l_enregistrement[chromium] PASSED [ 70%]
test_player_customisation.py::test_arriver_sur_la_fiche_ouvre_l_onglet_par_defaut[chromium] PASSED [ 71%]
test_player_detail.py::test_click_roster_row_navigates_to_player_detail[chromium] PASSED [ 71%]
test_player_detail.py::test_spp_wallet_shows_earned_and_spent_separately[chromium] PASSED [ 71%]
test_player_detail.py::test_career_summary_reflects_recorded_actions[chromium] PASSED [ 71%]
test_player_detail.py::test_match_history_card_shows_opponent_and_actions[chromium] PASSED [ 72%]
test_player_detail.py::test_customise_button_is_active_for_a_commissioner[chromium] PASSED [ 72%]
test_player_detail.py::test_activate_spp_spending_button_visible_and_enabled_in_player_improvement[chromium] PASSED [ 72%]
test_player_spp_spending.py::test_journal_widget_shown_outside_player_improvement_phase[chromium] PASSED [ 72%]
test_player_spp_spending.py::test_toggle_button_hidden_outside_player_improvement_phase[chromium] PASSED [ 73%]
test_player_spp_spending.py::test_journal_shown_by_default_then_toggle_reveals_spending_panel[chromium] PASSED [ 73%]
test_player_spp_spending.py::test_coach_sees_spending_panel_and_can_purchase_a_skill[chromium] PASSED [ 73%]
test_player_spp_spending.py::test_player_with_no_spp_cannot_afford_any_skill[chromium] PASSED [ 73%]
test_player_spp_spending.py::test_stat_increase_updates_stat_and_reserve[chromium] PASSED [ 74%]
test_player_spp_spending.py::test_team_value_is_frozen_during_the_post_match_phases[chromium] PASSED [ 74%]
test_player_spp_spending.py::test_une_competence_elite_ajoute_dix_kpo_de_plus_qu_une_standard[chromium] PASSED [ 74%]
test_player_spp_spending.py::test_la_colonne_spp_de_la_liste_est_le_solde_pas_le_cumul[chromium] PASSED [ 74%]
test_presences_tab.py::test_l_onglet_presences_s_ouvre_en_chargement_complet[chromium] PASSED [ 75%]
test_presences_tab.py::test_l_onglet_est_atteignable_depuis_le_calendrier_par_htmx[chromium] PASSED [ 75%]
test_presences_tab.py::test_la_barre_laterale_liste_les_journees_de_la_saison[chromium] PASSED [ 75%]
test_presences_tab.py::test_le_panneau_invite_a_choisir_une_journee[chromium] PASSED [ 75%]
test_presences_tab.py::test_choisir_une_journee_montre_l_etat_aucun_sondage[chromium] PASSED [ 76%]
test_presences_tab.py::test_un_membre_simple_est_refuse_sur_l_onglet_et_ses_fragments[chromium-] PASSED [ 76%]
test_ranking_bonus.py::test_aggressive_bonus_reflected_in_standings[chromium] ERROR [ 76%]
test_ranking_tiebreak.py::test_first_criterion_orders_teams_tied_on_points[chromium] PASSED [ 77%]
test_ranking_tiebreak.py::test_teams_equal_on_every_criterion_share_a_rank_and_the_next_one_skips[chromium] PASSED [ 77%]
test_ranking_tiebreak.py::test_every_team_ranked_first_gets_the_trophy[chromium] PASSED [ 77%]
test_rapport_manuel_visible.py::test_un_rapport_en_cours_apparait_aux_resultats[chromium] PASSED [ 77%]
test_recruitment_phase.py::test_01_banniere_ouvre_le_catalogue[chromium] PASSED [ 78%]
test_recruitment_phase.py::test_02_ajouter_un_joueur[chromium] PASSED    [ 78%]
test_recruitment_phase.py::test_03_retirer_la_ligne[chromium] PASSED     [ 78%]
test_recruitment_phase.py::test_09_le_panier_survit_a_la_navigation[chromium] PASSED [ 78%]
test_recruitment_phase.py::test_11_panier_repliable_en_mobile[chromium] PASSED [ 79%]
test_recruitment_phase.py::test_05_quota_de_poste_atteint[chromium] PASSED [ 79%]
test_recruitment_phase.py::test_07_relance_au_double_du_prix_de_base[chromium] PASSED [ 79%]
test_recruitment_phase.py::test_04_tresorerie_insuffisante_ne_debite_rien[chromium] PASSED [ 79%]
test_recruitment_phase.py::test_06_roster_sans_apothicaire[chromium] PASSED [ 80%]
test_recruitment_phase.py::test_08_valider_debite_et_cree_les_joueurs[chromium] PASSED [ 80%]
test_recruitment_phase.py::test_10_grand_livre_une_ligne_par_achat[chromium] PASSED [ 80%]
test_ressources_locales.py::test_une_page_sans_upload_ne_sort_pas_de_nos_domaines[chromium] PASSED [ 80%]
test_ressources_locales.py::test_le_chargeur_cloudinary_reste_cantonne_a_la_page_qui_l_utilise[chromium] PASSED [ 81%]
test_ressources_locales.py::test_le_champ_d_upload_s_ouvre_malgre_le_chargement_differe[chromium] PASSED [ 81%]
test_roster_edition.py::test_renommage_persiste_apres_rechargement[chromium] PASSED [ 81%]
test_roster_edition.py::test_renumerotation_persiste[chromium] PASSED    [ 81%]
test_roster_edition.py::test_numero_vide_affiche_un_tiret[chromium] PASSED [ 82%]
test_roster_edition.py::test_reordonnancement_persiste[chromium] PASSED  [ 82%]
test_roster_edition.py::test_doublon_bloque_sans_requete_reseau[chromium] PASSED [ 82%]
test_roster_edition.py::test_numero_d_un_renvoye_est_reattribuable[chromium] PASSED [ 83%]
test_roster_edition.py::test_membre_sans_droit_est_refuse[chromium] PASSED [ 83%]
test_roster_edition.py::test_un_coach_tiers_ne_voit_pas_le_bouton_d_edition[chromium] PASSED [ 83%]
test_saison_non_finalisee.py::test_une_saison_non_finalisee_refuse_la_creation[chromium] PASSED [ 83%]
test_saison_non_finalisee.py::test_la_saison_redevient_joignable_une_fois_prete[chromium] ERROR [ 84%]
test_saison_non_finalisee.py::test_une_equipe_commencee_avant_ne_peut_pas_etre_soumise[chromium] PASSED [ 84%]
test_space_admin_ajout_direct.py::test_un_seul_caractere_reste_sous_le_seuil[chromium] PASSED [ 84%]
test_space_admin_ajout_direct.py::test_un_pseudo_inexistant_propose_de_creer_un_compte[chromium] PASSED [ 84%]
test_space_admin_ajout_direct.py::test_un_coach_de_la_plateforme_est_proposé_avec_son_email_masqué[chromium] PASSED [ 85%]
test_space_admin_ajout_direct.py::test_un_membre_de_l_espace_porte_son_badge_et_aucun_bouton[chromium] PASSED [ 85%]
test_space_admin_ajout_direct.py::test_ajouter_un_coach_le_fait_passer_membre_et_apparaitre_au_journal[chromium] PASSED [ 85%]
test_space_admin_ajout_direct.py::test_retirer_depuis_le_journal_le_sort_de_l_espace[chromium] PASSED [ 85%]
test_space_admin_ajout_direct.py::test_creer_un_compte_et_ajouter_de_bout_en_bout[chromium] PASSED [ 86%]
test_space_admin_ajout_direct.py::test_un_membre_simple_ne_peut_pas_ouvrir_l_onglet[chromium] PASSED [ 86%]
test_space_admin_membres.py::test_la_page_presente_ses_trois_onglets[chromium] PASSED [ 86%]
test_space_admin_membres.py::test_la_liste_affiche_pseudo_email_masque_et_role[chromium] PASSED [ 86%]
test_space_admin_membres.py::test_sa_propre_ligne_n_est_ni_modifiable_ni_retirable[chromium] PASSED [ 87%]
test_space_admin_membres.py::test_la_recherche_filtre_sans_requete[chromium] PASSED [ 87%]
test_space_admin_membres.py::test_promouvoir_un_membre_rerend_sa_ligne[chromium] PASSED [ 87%]
test_space_admin_membres.py::test_promouvoir_puis_retrograder_ramene_l_etat_initial[chromium] PASSED [ 87%]
test_space_admin_membres.py::test_retirer_un_membre_fait_disparaitre_sa_ligne[chromium] PASSED [ 88%]
test_space_admin_membres.py::test_le_bouton_de_reinitialisation_bascule_apres_envoi[chromium] PASSED [ 88%]
test_space_admin_membres.py::test_les_compteurs_suivent_une_promotion_sans_rechargement[chromium] PASSED [ 88%]
test_space_admin_membres.py::test_un_membre_simple_ne_peut_pas_ouvrir_la_page[chromium] PASSED [ 89%]
test_special_rule_selector.py::test_fixed_rules_display_as_chips[chromium] PASSED [ 89%]
test_special_rule_selector.py::test_no_rule_roster_shows_none_message[chromium] PASSED [ 89%]
test_special_rule_selector.py::test_choice_roster_keeps_interactive_select[chromium] PASSED [ 89%]
test_special_rule_selector.py::test_finalize_blocked_when_choice_roster_has_no_special_rule[chromium] PASSED [ 90%]
test_spp_scale.py::test_01_les_brutes_bagarreuses_valorisent_la_sortie_plus_que_l_essai[chromium] PASSED [ 90%]
test_spp_scale.py::test_02_le_bareme_ordinaire_reste_inchange[chromium] PASSED [ 90%]
test_spp_scale.py::test_03_les_deux_camps_ne_gagnent_pas_les_memes_spp_par_action[chromium] PASSED [ 90%]
test_team_detail_state_banner.py::test_pending_enrollment_banner_is_informational[chromium] SKIPPED [ 91%]
test_team_detail_state_banner.py::test_match_reporting_banner_resume_link_navigates[chromium] PASSED [ 91%]
test_team_detail_state_banner.py::test_player_improvement_banner_validates_to_recruitment[chromium] PASSED [ 91%]
test_team_detail_state_banner.py::test_recruitment_banner_leads_to_the_recruitment_page[chromium] PASSED [ 91%]
test_team_detail_state_banner.py::test_dismissals_banner_leads_to_the_dismissals_page[chromium] PASSED [ 92%]
test_team_matches.py::test_l_onglet_matchs_liste_les_matchs_de_l_equipe[chromium] PASSED [ 92%]
test_team_matches.py::test_le_prochain_match_apparait_en_tete[chromium] PASSED [ 92%]
test_team_matches.py::test_le_coach_de_l_equipe_peut_ouvrir_le_rapport[chromium] PASSED [ 92%]
test_team_matches.py::test_un_visiteur_ne_voit_pas_le_lien_du_rapport[chromium] PASSED [ 93%]
test_team_matches.py::test_une_equipe_sans_match_affiche_l_etat_vide[chromium] PASSED [ 93%]
test_team_matches.py::test_le_bloc_de_match_reste_correct_sur_la_page_competition[chromium] FAILED [ 93%]
test_team_treasury_tab.py::test_l_onglet_tresorerie_s_ouvre_et_affiche_le_releve[chromium] PASSED [ 93%]
test_team_treasury_tab.py::test_l_url_de_tresorerie_se_charge_directement[chromium] PASSED [ 94%]
test_team_treasury_tab.py::test_le_solde_du_releve_egale_celui_de_l_en_tete[chromium] PASSED [ 94%]
test_team_treasury_tab.py::test_une_equipe_neuve_affiche_le_bloc_sans_mouvement[chromium] PASSED [ 94%]
test_team_treasury_tab.py::test_le_releve_montre_le_recrutement_qui_vient_d_etre_fait[chromium] PASSED [ 95%]
test_team_treasury_tab.py::test_l_onglet_joueurs_reste_accessible_apres_un_aller_retour[chromium] PASSED [ 95%]
test_competition_admin_settings.py::test_un_membre_simple_est_refuse_en_lecture[chromium-general] PASSED [ 95%]
test_competition_admin_settings.py::test_un_membre_simple_est_refuse_en_ecriture[chromium-ranking] PASSED [ 95%]
test_competition_admin_settings.py::test_aucun_panneau_ne_fait_regresser_la_saison[chromium-ranking] PASSED [ 96%]
test_competition_settings_visibility.py::test_une_valeur_inconnue_est_refusee_sans_rien_ecrire[chromium-requires_validation-peut-etre] PASSED [ 96%]
test_manual_ranking_points.py::test_le_bouton_de_gestion_est_habille[chromium-detaille] PASSED [ 96%]
test_manual_ranking_points.py::test_le_bouton_de_gestion_precede_le_classement[chromium-detaille] PASSED [ 96%]
test_presences_tab.py::test_un_membre_simple_est_refuse_sur_l_onglet_et_ses_fragments[chromium-/rounds] PASSED [ 97%]
test_competition_admin_settings.py::test_un_membre_simple_est_refuse_en_lecture[chromium-ranking] PASSED [ 97%]
test_competition_admin_settings.py::test_un_membre_simple_est_refuse_en_ecriture[chromium-pools] PASSED [ 97%]
test_competition_admin_settings.py::test_aucun_panneau_ne_fait_regresser_la_saison[chromium-pools] PASSED [ 97%]
test_presences_tab.py::test_un_membre_simple_est_refuse_sur_l_onglet_et_ses_fragments[chromium-/panel] PASSED [ 98%]
test_competition_admin_settings.py::test_un_membre_simple_est_refuse_en_lecture[chromium-pools] PASSED [ 98%]
test_competition_admin_settings.py::test_un_membre_simple_est_refuse_en_ecriture[chromium-tiers] PASSED [ 98%]
test_competition_admin_settings.py::test_aucun_panneau_ne_fait_regresser_la_saison[chromium-tiers] PASSED [ 98%]
test_competition_admin_settings.py::test_un_membre_simple_est_refuse_en_lecture[chromium-tiers] PASSED [ 99%]
test_competition_admin_settings.py::test_un_membre_simple_est_refuse_en_ecriture[chromium-visibility] PASSED [ 99%]
test_competition_admin_settings.py::test_aucun_panneau_ne_fait_regresser_la_saison[chromium-visibility] PASSED [ 99%]
test_competition_admin_settings.py::test_un_membre_simple_est_refuse_en_lecture[chromium-visibility] PASSED [100%]

==================================== ERRORS ====================================
___ ERROR at setup of test_aggressive_bonus_reflected_in_standings[chromium] ___

browser = <Browser type=<BrowserType name=chromium executable_path=/Users/bagouze/Library/Caches/ms-playwright/chromium-1223/chrome-mac-arm64/Google Chrome for Testing.app/Contents/MacOS/Google Chrome for Testing> version=148.0.7778.96>
space_id = '01M2116VWQRGDGFT62EBBW33CY'

    @pytest.fixture(scope="module")
    def bonus_ctx(browser, space_id):
        """Compétition dédiée avec bonus agressif + 4 équipes inscrites + 3 journées pairées."""
        page = browser.new_page()
        try:
            create_url = f"{BASE_URL}/app/{space_id}/competitions/create"
>           comp = _create_competition_with_aggressive_bonus(page, create_url, num_rounds=3)
                   ^^^^^^^^^^^^^^^^^^^^^^^^^^^^^^^^^^^^^^^^^^^^^^^^^^^^^^^^^^^^^^^^^^^^^^^^^

test_ranking_bonus.py:108: 
_ _ _ _ _ _ _ _ _ _ _ _ _ _ _ _ _ _ _ _ _ _ _ _ _ _ _ _ _ _ _ _ _ _ _ _ _ _ _ _ 
test_ranking_bonus.py:54: in _create_competition_with_aggressive_bonus
    page.goto(competition_create_url, wait_until="load")
.venv/lib/python3.12/site-packages/playwright/sync_api/_generated.py:9612: in goto
    self._sync(
.venv/lib/python3.12/site-packages/playwright/_impl/_page.py:557: in goto
    return await self._main_frame.goto(**locals_to_params(locals()))
           ^^^^^^^^^^^^^^^^^^^^^^^^^^^^^^^^^^^^^^^^^^^^^^^^^^^^^^^^^
.venv/lib/python3.12/site-packages/playwright/_impl/_frame.py:156: in goto
    await self._channel.send(
.venv/lib/python3.12/site-packages/playwright/_impl/_connection.py:69: in send
    return await self._connection.wrap_api_call(
_ _ _ _ _ _ _ _ _ _ _ _ _ _ _ _ _ _ _ _ _ _ _ _ _ _ _ _ _ _ _ _ _ _ _ _ _ _ _ _ 

self = <playwright._impl._connection.Connection object at 0x109d88740>
cb = <function Channel.send.<locals>.<lambda> at 0x10a5fd120>
is_internal = False, title = None

    async def wrap_api_call(
        self, cb: Callable[[], Any], is_internal: bool = False, title: str = None
    ) -> Any:
        if self._api_zone.get():
            return await cb()
        task = asyncio.current_task(self._loop)
        st: List[inspect.FrameInfo] = getattr(
            task, "__pw_stack__", None
        ) or inspect.stack(0)
    
        parsed_st = _extract_stack_trace_information_from_stack(st, is_internal, title)
        self._api_zone.set(parsed_st)
        try:
            return await cb()
        except Exception as error:
>           raise rewrite_error(error, f"{parsed_st['apiName']}: {error}") from None
E           playwright._impl._errors.TimeoutError: Page.goto: Timeout 30000ms exceeded.
E           Call log:
E             - navigating to "http://localhost:3210/app/01M2116VWQRGDGFT62EBBW33CY/competitions/create", waiting until "load"

.venv/lib/python3.12/site-packages/playwright/_impl/_connection.py:559: TimeoutError
_ ERROR at setup of test_la_saison_redevient_joignable_une_fois_prete[chromium] _

page = <Page url='http://localhost:3210/app/01M2116VWQRGDGFT62EBBW33CY/competitions/create'>
competition_create_url = 'http://localhost:3210/app/01M2116VWQRGDGFT62EBBW33CY/competitions/create'

    @pytest.fixture
    def saison_inachevee(page: Page, competition_create_url):
        """Une compétition publiée, ramenée à l'état « en cours de configuration ».
    
        Rendue `ready` à la sortie : les autres tests de la suite partagent la base
        de développement, et une saison laissée inachevée les ferait échouer sur un
        symptôme sans rapport.
        """
>       competition = create_full_competition(page, competition_create_url, num_rounds=1)
                      ^^^^^^^^^^^^^^^^^^^^^^^^^^^^^^^^^^^^^^^^^^^^^^^^^^^^^^^^^^^^^^^^^^^

test_saison_non_finalisee.py:38: 
_ _ _ _ _ _ _ _ _ _ _ _ _ _ _ _ _ _ _ _ _ _ _ _ _ _ _ _ _ _ _ _ _ _ _ _ _ _ _ _ 
competition_lifecycle.py:119: in create_full_competition
    page.locator("input[name='q']").press_sequentially(BYPASS_AUTH_COACH_NAME, delay=30)
.venv/lib/python3.12/site-packages/playwright/sync_api/_generated.py:19894: in press_sequentially
    self._sync(
.venv/lib/python3.12/site-packages/playwright/_impl/_locator.py:705: in press_sequentially
    await self.type(text, delay=delay, timeout=timeout)
.venv/lib/python3.12/site-packages/playwright/_impl/_locator.py:692: in type
    return await self._frame.type(
.venv/lib/python3.12/site-packages/playwright/_impl/_frame.py:856: in type
    await self._channel.send("type", self._timeout, locals_to_params(locals()))
.venv/lib/python3.12/site-packages/playwright/_impl/_connection.py:69: in send
    return await self._connection.wrap_api_call(
_ _ _ _ _ _ _ _ _ _ _ _ _ _ _ _ _ _ _ _ _ _ _ _ _ _ _ _ _ _ _ _ _ _ _ _ _ _ _ _ 

self = <playwright._impl._connection.Connection object at 0x109d88740>
cb = <function Channel.send.<locals>.<lambda> at 0x10a970040>
is_internal = False, title = None

    async def wrap_api_call(
        self, cb: Callable[[], Any], is_internal: bool = False, title: str = None
    ) -> Any:
        if self._api_zone.get():
            return await cb()
        task = asyncio.current_task(self._loop)
        st: List[inspect.FrameInfo] = getattr(
            task, "__pw_stack__", None
        ) or inspect.stack(0)
    
        parsed_st = _extract_stack_trace_information_from_stack(st, is_internal, title)
        self._api_zone.set(parsed_st)
        try:
            return await cb()
        except Exception as error:
>           raise rewrite_error(error, f"{parsed_st['apiName']}: {error}") from None
E           playwright._impl._errors.TimeoutError: Locator.press_sequentially: Timeout 30000ms exceeded.
E           Call log:
E             - waiting for locator("input[name='q']")
E               - locator resolved to <input name="q" type="text" hx-params="q" class="form-input" hx-swap="innerHTML" placeholder="Rechercher..." hx-target="#coach-search-results" hx-indicator="#coach-search-spinner" hx-trigger="keyup changed delay:300ms" hx-get="/app/coaches/widget/search/results?space_id=01M2116VWQRGDGFT62EBBW33CY&excluded="/>
E             - elementHandle.type("DevCoach")

.venv/lib/python3.12/site-packages/playwright/_impl/_connection.py:559: TimeoutError
=================================== FAILURES ===================================
____ test_le_bloc_de_match_reste_correct_sur_la_page_competition[chromium] _____

page = <Page url='http://localhost:3210/app/01M2116VWQRGDGFT62EBBW33CY/competitions/01M25D5WGKZ9XGHSZAA0M98K45/01M25D5WGPX2JB0DMVCP1C3TDS/resultats'>
matchs_ctx = {'space_id': '01M2116VWQRGDGFT62EBBW33CY', 'competition_id': '01M25D5WGKZ9XGHSZAA0M98K45', 'season_id': '01M25D5WGPX2JB0DMVCP1C3TDS', 'sienne': '01M25D5WXE26N2SR898PB3Z6NZ', ...}

    def test_le_bloc_de_match_reste_correct_sur_la_page_competition(page: Page, matchs_ctx):
        """**La non-régression, et c'est ce test qui porte le poids de la carte 476.**
    
        Elle a sorti 86 règles de `pages/competition-detail.css` vers un composant :
        c'est le seul geste du chantier qui touche une page qui marchait déjà. Un
        composant extrait qui casse sa page d'origine est le mode de panne classique
        de cette manœuvre, et il ne se voit qu'à l'écran.
        """
>       page.goto(
            f"{BASE_URL}/app/{matchs_ctx['space_id']}/competitions/"
            f"{matchs_ctx['competition_id']}/{matchs_ctx['season_id']}/resultats",
            wait_until="load",
        )

test_team_matches.py:229: 
_ _ _ _ _ _ _ _ _ _ _ _ _ _ _ _ _ _ _ _ _ _ _ _ _ _ _ _ _ _ _ _ _ _ _ _ _ _ _ _ 
.venv/lib/python3.12/site-packages/playwright/sync_api/_generated.py:9612: in goto
    self._sync(
.venv/lib/python3.12/site-packages/playwright/_impl/_page.py:557: in goto
    return await self._main_frame.goto(**locals_to_params(locals()))
           ^^^^^^^^^^^^^^^^^^^^^^^^^^^^^^^^^^^^^^^^^^^^^^^^^^^^^^^^^
.venv/lib/python3.12/site-packages/playwright/_impl/_frame.py:156: in goto
    await self._channel.send(
.venv/lib/python3.12/site-packages/playwright/_impl/_connection.py:69: in send
    return await self._connection.wrap_api_call(
_ _ _ _ _ _ _ _ _ _ _ _ _ _ _ _ _ _ _ _ _ _ _ _ _ _ _ _ _ _ _ _ _ _ _ _ _ _ _ _ 

self = <playwright._impl._connection.Connection object at 0x109d88740>
cb = <function Channel.send.<locals>.<lambda> at 0x10aa3cd60>
is_internal = False, title = None

    async def wrap_api_call(
        self, cb: Callable[[], Any], is_internal: bool = False, title: str = None
    ) -> Any:
        if self._api_zone.get():
            return await cb()
        task = asyncio.current_task(self._loop)
        st: List[inspect.FrameInfo] = getattr(
            task, "__pw_stack__", None
        ) or inspect.stack(0)
    
        parsed_st = _extract_stack_trace_information_from_stack(st, is_internal, title)
        self._api_zone.set(parsed_st)
        try:
            return await cb()
        except Exception as error:
>           raise rewrite_error(error, f"{parsed_st['apiName']}: {error}") from None
E           playwright._impl._errors.TimeoutError: Page.goto: Timeout 30000ms exceeded.
E           Call log:
E             - navigating to "http://localhost:3210/app/01M2116VWQRGDGFT62EBBW33CY/competitions/01M25D5WGKZ9XGHSZAA0M98K45/01M25D5WGPX2JB0DMVCP1C3TDS/resultats", waiting until "load"

.venv/lib/python3.12/site-packages/playwright/_impl/_connection.py:559: TimeoutError
=========================== short test summary info ============================
FAILED test_team_matches.py::test_le_bloc_de_match_reste_correct_sur_la_page_competition[chromium]
ERROR test_ranking_bonus.py::test_aggressive_bonus_reflected_in_standings[chromium]
ERROR test_saison_non_finalisee.py::test_la_saison_redevient_joignable_une_fois_prete[chromium]
======== 1 failed, 373 passed, 7 skipped, 2 errors in 486.46s (0:08:06) ========
